// Jest Snapshot v1, https://goo.gl/fbAQLP

exports[`TreeView should render when given valid props 1`] = `
<div>
  <WithStyles(List)
    subheader={
      <WithStyles(ListSubheader)
        component="div"
      >
        Selected Tags:
      </WithStyles(ListSubheader)>
    }
  />
  <TreeView
    onTagSelectionChange={[Function]}
    selectedTags={Array []}
    tags={Array []}
  />
</div>
`;
